../Core/Src/main.c:106:6:stop	8	static
../Core/Src/main.c:115:6:move_forward	16	static
../Core/Src/main.c:128:6:turn_right_time	16	static
../Core/Src/main.c:139:6:turn_right	8	static
../Core/Src/main.c:148:6:turn_left_time	16	static
../Core/Src/main.c:159:6:turn_left	8	static
../Core/Src/main.c:169:6:send_string	16	static
../Core/Src/main.c:174:6:magnetometer_init	32	static
../Core/Src/main.c:186:6:magnetometer_measure	40	static
../Core/Src/main.c:219:6:calibrate	24	static
../Core/Src/main.c:257:6:north	8	static
../Core/Src/main.c:272:6:magnetic_direction	16	static
../Core/Src/main.c:317:6:change_speed	16	static
../Core/Src/main.c:326:6:move_forward_1	8	static
../Core/Src/main.c:340:6:move_	16	static
../Core/Src/main.c:360:6:lights	8	static
../Core/Src/main.c:380:6:HAL_TIM_PeriodElapsedCallback	16	static
../Core/Src/main.c:394:5:main	32	static
../Core/Src/main.c:497:6:SystemClock_Config	88	static
../Core/Src/main.c:543:13:MX_ADC1_Init	24	static
../Core/Src/main.c:595:13:MX_I2C1_Init	8	static
../Core/Src/main.c:629:13:MX_TIM1_Init	80	static
../Core/Src/main.c:698:13:MX_TIM2_Init	56	static
../Core/Src/main.c:747:13:MX_TIM3_Init	32	static
../Core/Src/main.c:792:13:MX_TIM10_Init	8	static
../Core/Src/main.c:823:13:MX_USART2_UART_Init	8	static
../Core/Src/main.c:854:13:MX_DMA_Init	16	static
../Core/Src/main.c:875:13:MX_GPIO_Init	48	static
../Core/Src/main.c:945:6:Error_Handler	4	static,ignoring_inline_asm
